source: |-
  (progn 
    (read_char a)
    (while (> a 0)
      (progn
        (print_char a)
        (read_char a))))
input: |-
  foo
code: |-
  60000100
  00000000
  00000000
  00000000
  00000000
  00000000
  00000000
  00000000
  00000000
  00000000
  00000000
  00000000
  00000000
  00000000
  00000000
  00000000
  00000000
  00000000
  00000000
  00000000
  00000000
  00000000
  00000000
  00000000
  00000000
  00000000
  00000000
  00000000
  00000000
  00000000
  00000000
  00000000
  00000000
  00000000
  00000000
  00000000
  00000000
  00000000
  00000000
  00000000
  00000000
  00000000
  00000000
  00000000
  00000000
  00000000
  00000000
  00000000
  00000000
  00000000
  00000000
  00000000
  00000000
  00000000
  00000000
  00000000
  00000000
  00000000
  00000000
  00000000
  00000000
  00000000
  00000000
  00000000
  00000000
  00000000
  00000000
  00000000
  00000000
  00000000
  00000000
  00000000
  00000000
  00000000
  00000000
  00000000
  00000000
  00000000
  00000000
  00000000
  00000000
  00000000
  00000000
  00000000
  00000000
  00000000
  00000000
  00000000
  00000000
  00000000
  00000000
  00000000
  00000000
  00000000
  00000000
  00000000
  00000000
  00000000
  00000000
  00000000
  00000000
  00000000
  00000000
  00000000
  00000000
  00000000
  00000000
  00000000
  00000000
  00000000
  00000000
  00000000
  00000000
  00000000
  00000000
  00000000
  00000000
  00000000
  00000000
  00000000
  00000000
  00000000
  00000000
  00000000
  00000000
  00000000
  00000000
  00000000
  00000000
  00000000
  00000000
  00000000
  00000000
  00000000
  00000000
  00000000
  00000000
  00000000
  00000000
  00000000
  00000000
  00000000
  00000000
  00000000
  00000000
  00000000
  00000000
  00000000
  00000000
  00000000
  00000000
  00000000
  00000000
  00000000
  00000000
  00000000
  00000000
  00000000
  00000000
  00000000
  00000000
  00000000
  00000000
  00000000
  00000000
  00000000
  00000000
  00000000
  00000000
  00000000
  00000000
  00000000
  00000000
  00000000
  00000000
  00000000
  00000000
  00000000
  00000000
  00000000
  00000000
  00000000
  00000000
  00000000
  00000000
  00000000
  00000000
  00000000
  00000000
  00000000
  00000000
  00000000
  00000000
  00000000
  00000000
  00000000
  00000000
  00000000
  00000000
  00000000
  00000000
  00000000
  00000000
  00000000
  00000000
  00000000
  00000000
  00000000
  00000000
  00000000
  00000000
  00000000
  00000000
  00000000
  00000000
  00000000
  00000000
  00000000
  00000000
  00000000
  00000000
  00000000
  00000000
  00000000
  00000000
  00000000
  00000000
  00000000
  00000000
  00000000
  00000000
  00000000
  00000000
  00000000
  00000000
  00000000
  00000000
  00000000
  00000000
  00000000
  00000000
  00000000
  00000000
  00000000
  00000000
  00000000
  00000000
  00000000
  00000000
  00000000
  00000000
  00000000
  00000000
  00000000
  00000000
  00000000
  70000000
  88000000
  08800000
  00000000
  70000000
  00800001
  01800000
  28800801
  68000000
  5000010f
  00800000
  90000001
  88000000
  08800000
  60000103
  98000000

output: |
  source LoC: 6 code instr: 17
  ============================================================
  foo
  instructions_n: 48 ticks: 131

disasm: |-
  0 - 60000100 - JMP mem[0x100] - Skip static memory
  1 - 00000000
  2 - 00000000
  3 - 00000000
  4 - 00000000
  5 - 00000000
  6 - 00000000
  7 - 00000000
  8 - 00000000
  9 - 00000000
  a - 00000000
  b - 00000000
  c - 00000000
  d - 00000000
  e - 00000000
  f - 00000000
  10 - 00000000
  11 - 00000000
  12 - 00000000
  13 - 00000000
  14 - 00000000
  15 - 00000000
  16 - 00000000
  17 - 00000000
  18 - 00000000
  19 - 00000000
  1a - 00000000
  1b - 00000000
  1c - 00000000
  1d - 00000000
  1e - 00000000
  1f - 00000000
  20 - 00000000
  21 - 00000000
  22 - 00000000
  23 - 00000000
  24 - 00000000
  25 - 00000000
  26 - 00000000
  27 - 00000000
  28 - 00000000
  29 - 00000000
  2a - 00000000
  2b - 00000000
  2c - 00000000
  2d - 00000000
  2e - 00000000
  2f - 00000000
  30 - 00000000
  31 - 00000000
  32 - 00000000
  33 - 00000000
  34 - 00000000
  35 - 00000000
  36 - 00000000
  37 - 00000000
  38 - 00000000
  39 - 00000000
  3a - 00000000
  3b - 00000000
  3c - 00000000
  3d - 00000000
  3e - 00000000
  3f - 00000000
  40 - 00000000
  41 - 00000000
  42 - 00000000
  43 - 00000000
  44 - 00000000
  45 - 00000000
  46 - 00000000
  47 - 00000000
  48 - 00000000
  49 - 00000000
  4a - 00000000
  4b - 00000000
  4c - 00000000
  4d - 00000000
  4e - 00000000
  4f - 00000000
  50 - 00000000
  51 - 00000000
  52 - 00000000
  53 - 00000000
  54 - 00000000
  55 - 00000000
  56 - 00000000
  57 - 00000000
  58 - 00000000
  59 - 00000000
  5a - 00000000
  5b - 00000000
  5c - 00000000
  5d - 00000000
  5e - 00000000
  5f - 00000000
  60 - 00000000
  61 - 00000000
  62 - 00000000
  63 - 00000000
  64 - 00000000
  65 - 00000000
  66 - 00000000
  67 - 00000000
  68 - 00000000
  69 - 00000000
  6a - 00000000
  6b - 00000000
  6c - 00000000
  6d - 00000000
  6e - 00000000
  6f - 00000000
  70 - 00000000
  71 - 00000000
  72 - 00000000
  73 - 00000000
  74 - 00000000
  75 - 00000000
  76 - 00000000
  77 - 00000000
  78 - 00000000
  79 - 00000000
  7a - 00000000
  7b - 00000000
  7c - 00000000
  7d - 00000000
  7e - 00000000
  7f - 00000000
  80 - 00000000
  81 - 00000000
  82 - 00000000
  83 - 00000000
  84 - 00000000
  85 - 00000000
  86 - 00000000
  87 - 00000000
  88 - 00000000
  89 - 00000000
  8a - 00000000
  8b - 00000000
  8c - 00000000
  8d - 00000000
  8e - 00000000
  8f - 00000000
  90 - 00000000
  91 - 00000000
  92 - 00000000
  93 - 00000000
  94 - 00000000
  95 - 00000000
  96 - 00000000
  97 - 00000000
  98 - 00000000
  99 - 00000000
  9a - 00000000
  9b - 00000000
  9c - 00000000
  9d - 00000000
  9e - 00000000
  9f - 00000000
  a0 - 00000000
  a1 - 00000000
  a2 - 00000000
  a3 - 00000000
  a4 - 00000000
  a5 - 00000000
  a6 - 00000000
  a7 - 00000000
  a8 - 00000000
  a9 - 00000000
  aa - 00000000
  ab - 00000000
  ac - 00000000
  ad - 00000000
  ae - 00000000
  af - 00000000
  b0 - 00000000
  b1 - 00000000
  b2 - 00000000
  b3 - 00000000
  b4 - 00000000
  b5 - 00000000
  b6 - 00000000
  b7 - 00000000
  b8 - 00000000
  b9 - 00000000
  ba - 00000000
  bb - 00000000
  bc - 00000000
  bd - 00000000
  be - 00000000
  bf - 00000000
  c0 - 00000000
  c1 - 00000000
  c2 - 00000000
  c3 - 00000000
  c4 - 00000000
  c5 - 00000000
  c6 - 00000000
  c7 - 00000000
  c8 - 00000000
  c9 - 00000000
  ca - 00000000
  cb - 00000000
  cc - 00000000
  cd - 00000000
  ce - 00000000
  cf - 00000000
  d0 - 00000000
  d1 - 00000000
  d2 - 00000000
  d3 - 00000000
  d4 - 00000000
  d5 - 00000000
  d6 - 00000000
  d7 - 00000000
  d8 - 00000000
  d9 - 00000000
  da - 00000000
  db - 00000000
  dc - 00000000
  dd - 00000000
  de - 00000000
  df - 00000000
  e0 - 00000000
  e1 - 00000000
  e2 - 00000000
  e3 - 00000000
  e4 - 00000000
  e5 - 00000000
  e6 - 00000000
  e7 - 00000000
  e8 - 00000000
  e9 - 00000000
  ea - 00000000
  eb - 00000000
  ec - 00000000
  ed - 00000000
  ee - 00000000
  ef - 00000000
  f0 - 00000000
  f1 - 00000000
  f2 - 00000000
  f3 - 00000000
  f4 - 00000000
  f5 - 00000000
  f6 - 00000000
  f7 - 00000000
  f8 - 00000000
  f9 - 00000000
  fa - 00000000
  fb - 00000000
  fc - 00000000
  fd - 00000000
  fe - 00000000
  ff - 00000000
  100 - 70000000 - PUSH r0 - Push var a
  101 - 88000000 - IN r0, port[0x0]
  102 - 08800000 - ST r0, mem[SP + 0x0]
  103 - 00000000 - LD r0, 0x0
  104 - 70000000 - PUSH r0 - Push var #binop result
  105 - 00800001 - LD r0, mem[SP + 0x1]
  106 - 01800000 - LD r1, mem[SP + 0x0]
  107 - 28800801 - GT r0, r0, r1
  108 - 68000000 - POP 
  109 - 5000010f - JZ r0, mem[0x10f]
  10a - 00800000 - LD r0, mem[SP + 0x0]
  10b - 90000001 - OUT r0, port[0x1]
  10c - 88000000 - IN r0, port[0x0]
  10d - 08800000 - ST r0, mem[SP + 0x0]
  10e - 60000103 - JMP mem[0x103]
  10f - 98000000 - HLT 


log: |
  DEBUG   machine:simulation    TICK: 0, IP: 0, DR: 0, Z: 1, INSTR: None, SP: 2048, Stack: [], REGS: [0, 0]
  DEBUG   machine:simulation    TICK: 1, IP: 1, DR: 256, Z: 1, INSTR: JMP args[ADDRESS=256], SP: 2048, Stack: [], REGS: [0, 0]
  DEBUG   machine:simulation    TICK: 2, IP: 256, DR: 256, Z: 1, INSTR: JMP args[ADDRESS=256], SP: 2048, Stack: [], REGS: [0, 0]
  DEBUG   machine:simulation    TICK: 3, IP: 257, DR: 0, Z: 1, INSTR: PUSH args[ADDRESS=0], SP: 2048, Stack: [], REGS: [0, 0]
  DEBUG   machine:simulation    TICK: 4, IP: 257, DR: 0, Z: 1, INSTR: PUSH args[ADDRESS=0], SP: 2047, Stack: [0], REGS: [0, 0]
  DEBUG   machine:simulation    TICK: 5, IP: 257, DR: 0, Z: 1, INSTR: PUSH args[ADDRESS=0], SP: 2047, Stack: [0], REGS: [0, 0]
  DEBUG   machine:simulation    TICK: 6, IP: 258, DR: 0, Z: 1, INSTR: IN args[REGISTER=0, PORT=0], SP: 2047, Stack: [0], REGS: [0, 0]
  DEBUG   hardwire:read          IN: 102 - "f"
  DEBUG   machine:simulation    TICK: 7, IP: 258, DR: 0, Z: 1, INSTR: IN args[REGISTER=0, PORT=0], SP: 2047, Stack: [0], REGS: [102, 0]
  DEBUG   machine:simulation    TICK: 8, IP: 259, DR: 0, Z: 1, INSTR: ST args[REGISTER=0, STACK_OFFSET=0], SP: 2047, Stack: [0], REGS: [102, 0]
  DEBUG   machine:simulation    TICK: 9, IP: 259, DR: 2047, Z: 0, INSTR: ST args[REGISTER=0, STACK_OFFSET=0], SP: 2047, Stack: [0], REGS: [102, 0]
  DEBUG   machine:simulation    TICK: 10, IP: 259, DR: 2047, Z: 0, INSTR: ST args[REGISTER=0, STACK_OFFSET=0], SP: 2047, Stack: [102], REGS: [102, 0]
  DEBUG   machine:simulation    TICK: 11, IP: 260, DR: 0, Z: 0, INSTR: LD args[REGISTER=0, IMMEDIATE=0], SP: 2047, Stack: [102], REGS: [102, 0]
  DEBUG   machine:simulation    TICK: 12, IP: 260, DR: 0, Z: 0, INSTR: LD args[REGISTER=0, IMMEDIATE=0], SP: 2047, Stack: [102], REGS: [0, 0]
  DEBUG   machine:simulation    TICK: 13, IP: 261, DR: 0, Z: 0, INSTR: PUSH args[ADDRESS=0], SP: 2047, Stack: [102], REGS: [0, 0]
  DEBUG   machine:simulation    TICK: 14, IP: 261, DR: 0, Z: 0, INSTR: PUSH args[ADDRESS=0], SP: 2046, Stack: [0, 102], REGS: [0, 0]
  DEBUG   machine:simulation    TICK: 15, IP: 261, DR: 0, Z: 0, INSTR: PUSH args[ADDRESS=0], SP: 2046, Stack: [0, 102], REGS: [0, 0]
  DEBUG   machine:simulation    TICK: 16, IP: 262, DR: 1, Z: 0, INSTR: LD args[REGISTER=0, STACK_OFFSET=1], SP: 2046, Stack: [0, 102], REGS: [0, 0]
  DEBUG   machine:simulation    TICK: 17, IP: 262, DR: 2047, Z: 0, INSTR: LD args[REGISTER=0, STACK_OFFSET=1], SP: 2046, Stack: [0, 102], REGS: [0, 0]
  DEBUG   machine:simulation    TICK: 18, IP: 262, DR: 102, Z: 0, INSTR: LD args[REGISTER=0, STACK_OFFSET=1], SP: 2046, Stack: [0, 102], REGS: [0, 0]
  DEBUG   machine:simulation    TICK: 19, IP: 262, DR: 102, Z: 0, INSTR: LD args[REGISTER=0, STACK_OFFSET=1], SP: 2046, Stack: [0, 102], REGS: [102, 0]
  DEBUG   machine:simulation    TICK: 20, IP: 263, DR: 0, Z: 0, INSTR: LD args[REGISTER=1, STACK_OFFSET=0], SP: 2046, Stack: [0, 102], REGS: [102, 0]
  DEBUG   machine:simulation    TICK: 21, IP: 263, DR: 2046, Z: 0, INSTR: LD args[REGISTER=1, STACK_OFFSET=0], SP: 2046, Stack: [0, 102], REGS: [102, 0]
  DEBUG   machine:simulation    TICK: 22, IP: 263, DR: 0, Z: 0, INSTR: LD args[REGISTER=1, STACK_OFFSET=0], SP: 2046, Stack: [0, 102], REGS: [102, 0]
  DEBUG   machine:simulation    TICK: 23, IP: 263, DR: 0, Z: 0, INSTR: LD args[REGISTER=1, STACK_OFFSET=0], SP: 2046, Stack: [0, 102], REGS: [102, 0]
  DEBUG   machine:simulation    TICK: 24, IP: 264, DR: 0, Z: 0, INSTR: GT args[REGISTER=0, REGISTER=0, REGISTER=1], SP: 2046, Stack: [0, 102], REGS: [102, 0]
  DEBUG   machine:simulation    TICK: 25, IP: 264, DR: 1, Z: 0, INSTR: GT args[REGISTER=0, REGISTER=0, REGISTER=1], SP: 2046, Stack: [0, 102], REGS: [102, 0]
  DEBUG   machine:simulation    TICK: 26, IP: 264, DR: 1, Z: 0, INSTR: GT args[REGISTER=0, REGISTER=0, REGISTER=1], SP: 2046, Stack: [0, 102], REGS: [1, 0]
  DEBUG   machine:simulation    TICK: 27, IP: 265, DR: 1, Z: 0, INSTR: POP, SP: 2046, Stack: [0, 102], REGS: [1, 0]
  DEBUG   machine:simulation    TICK: 28, IP: 265, DR: 1, Z: 0, INSTR: POP, SP: 2047, Stack: [102], REGS: [1, 0]
  DEBUG   machine:simulation    TICK: 29, IP: 266, DR: 271, Z: 0, INSTR: JZ args[REGISTER=0, ADDRESS=271], SP: 2047, Stack: [102], REGS: [1, 0]
  DEBUG   machine:simulation    TICK: 30, IP: 266, DR: 271, Z: 0, INSTR: JZ args[REGISTER=0, ADDRESS=271], SP: 2047, Stack: [102], REGS: [1, 0]
  DEBUG   machine:simulation    TICK: 31, IP: 267, DR: 0, Z: 0, INSTR: LD args[REGISTER=0, STACK_OFFSET=0], SP: 2047, Stack: [102], REGS: [1, 0]
  DEBUG   machine:simulation    TICK: 32, IP: 267, DR: 2047, Z: 0, INSTR: LD args[REGISTER=0, STACK_OFFSET=0], SP: 2047, Stack: [102], REGS: [1, 0]
  DEBUG   machine:simulation    TICK: 33, IP: 267, DR: 102, Z: 0, INSTR: LD args[REGISTER=0, STACK_OFFSET=0], SP: 2047, Stack: [102], REGS: [1, 0]
  DEBUG   machine:simulation    TICK: 34, IP: 267, DR: 102, Z: 0, INSTR: LD args[REGISTER=0, STACK_OFFSET=0], SP: 2047, Stack: [102], REGS: [102, 0]
  DEBUG   machine:simulation    TICK: 35, IP: 268, DR: 1, Z: 0, INSTR: OUT args[REGISTER=0, PORT=1], SP: 2047, Stack: [102], REGS: [102, 0]
  DEBUG   machine:simulation    TICK: 36, IP: 268, DR: 1, Z: 0, INSTR: OUT args[REGISTER=0, PORT=1], SP: 2047, Stack: [102], REGS: [102, 0]
  DEBUG   machine:simulation    TICK: 37, IP: 269, DR: 0, Z: 0, INSTR: IN args[REGISTER=0, PORT=0], SP: 2047, Stack: [102], REGS: [102, 0]
  DEBUG   hardwire:read          IN: 111 - "o"
  DEBUG   machine:simulation    TICK: 38, IP: 269, DR: 0, Z: 0, INSTR: IN args[REGISTER=0, PORT=0], SP: 2047, Stack: [102], REGS: [111, 0]
  DEBUG   machine:simulation    TICK: 39, IP: 270, DR: 0, Z: 0, INSTR: ST args[REGISTER=0, STACK_OFFSET=0], SP: 2047, Stack: [102], REGS: [111, 0]
  DEBUG   machine:simulation    TICK: 40, IP: 270, DR: 2047, Z: 0, INSTR: ST args[REGISTER=0, STACK_OFFSET=0], SP: 2047, Stack: [102], REGS: [111, 0]
  DEBUG   machine:simulation    TICK: 41, IP: 270, DR: 2047, Z: 0, INSTR: ST args[REGISTER=0, STACK_OFFSET=0], SP: 2047, Stack: [111], REGS: [111, 0]
  DEBUG   machine:simulation    TICK: 42, IP: 271, DR: 259, Z: 0, INSTR: JMP args[ADDRESS=259], SP: 2047, Stack: [111], REGS: [111, 0]
  DEBUG   machine:simulation    TICK: 43, IP: 259, DR: 259, Z: 0, INSTR: JMP args[ADDRESS=259], SP: 2047, Stack: [111], REGS: [111, 0]
  DEBUG   machine:simulation    TICK: 44, IP: 260, DR: 0, Z: 0, INSTR: LD args[REGISTER=0, IMMEDIATE=0], SP: 2047, Stack: [111], REGS: [111, 0]
  DEBUG   machine:simulation    TICK: 45, IP: 260, DR: 0, Z: 0, INSTR: LD args[REGISTER=0, IMMEDIATE=0], SP: 2047, Stack: [111], REGS: [0, 0]
  DEBUG   machine:simulation    TICK: 46, IP: 261, DR: 0, Z: 0, INSTR: PUSH args[ADDRESS=0], SP: 2047, Stack: [111], REGS: [0, 0]
  DEBUG   machine:simulation    TICK: 47, IP: 261, DR: 0, Z: 0, INSTR: PUSH args[ADDRESS=0], SP: 2046, Stack: [0, 111], REGS: [0, 0]
  DEBUG   machine:simulation    TICK: 48, IP: 261, DR: 0, Z: 0, INSTR: PUSH args[ADDRESS=0], SP: 2046, Stack: [0, 111], REGS: [0, 0]
  DEBUG   machine:simulation    TICK: 49, IP: 262, DR: 1, Z: 0, INSTR: LD args[REGISTER=0, STACK_OFFSET=1], SP: 2046, Stack: [0, 111], REGS: [0, 0]
  DEBUG   machine:simulation    TICK: 50, IP: 262, DR: 2047, Z: 0, INSTR: LD args[REGISTER=0, STACK_OFFSET=1], SP: 2046, Stack: [0, 111], REGS: [0, 0]
  DEBUG   machine:simulation    TICK: 51, IP: 262, DR: 111, Z: 0, INSTR: LD args[REGISTER=0, STACK_OFFSET=1], SP: 2046, Stack: [0, 111], REGS: [0, 0]
  DEBUG   machine:simulation    TICK: 52, IP: 262, DR: 111, Z: 0, INSTR: LD args[REGISTER=0, STACK_OFFSET=1], SP: 2046, Stack: [0, 111], REGS: [111, 0]
  DEBUG   machine:simulation    TICK: 53, IP: 263, DR: 0, Z: 0, INSTR: LD args[REGISTER=1, STACK_OFFSET=0], SP: 2046, Stack: [0, 111], REGS: [111, 0]
  DEBUG   machine:simulation    TICK: 54, IP: 263, DR: 2046, Z: 0, INSTR: LD args[REGISTER=1, STACK_OFFSET=0], SP: 2046, Stack: [0, 111], REGS: [111, 0]
  DEBUG   machine:simulation    TICK: 55, IP: 263, DR: 0, Z: 0, INSTR: LD args[REGISTER=1, STACK_OFFSET=0], SP: 2046, Stack: [0, 111], REGS: [111, 0]
  DEBUG   machine:simulation    TICK: 56, IP: 263, DR: 0, Z: 0, INSTR: LD args[REGISTER=1, STACK_OFFSET=0], SP: 2046, Stack: [0, 111], REGS: [111, 0]
  DEBUG   machine:simulation    TICK: 57, IP: 264, DR: 0, Z: 0, INSTR: GT args[REGISTER=0, REGISTER=0, REGISTER=1], SP: 2046, Stack: [0, 111], REGS: [111, 0]
  DEBUG   machine:simulation    TICK: 58, IP: 264, DR: 1, Z: 0, INSTR: GT args[REGISTER=0, REGISTER=0, REGISTER=1], SP: 2046, Stack: [0, 111], REGS: [111, 0]
  DEBUG   machine:simulation    TICK: 59, IP: 264, DR: 1, Z: 0, INSTR: GT args[REGISTER=0, REGISTER=0, REGISTER=1], SP: 2046, Stack: [0, 111], REGS: [1, 0]
  DEBUG   machine:simulation    TICK: 60, IP: 265, DR: 1, Z: 0, INSTR: POP, SP: 2046, Stack: [0, 111], REGS: [1, 0]
  DEBUG   machine:simulation    TICK: 61, IP: 265, DR: 1, Z: 0, INSTR: POP, SP: 2047, Stack: [111], REGS: [1, 0]
  DEBUG   machine:simulation    TICK: 62, IP: 266, DR: 271, Z: 0, INSTR: JZ args[REGISTER=0, ADDRESS=271], SP: 2047, Stack: [111], REGS: [1, 0]
  DEBUG   machine:simulation    TICK: 63, IP: 266, DR: 271, Z: 0, INSTR: JZ args[REGISTER=0, ADDRESS=271], SP: 2047, Stack: [111], REGS: [1, 0]
  DEBUG   machine:simulation    TICK: 64, IP: 267, DR: 0, Z: 0, INSTR: LD args[REGISTER=0, STACK_OFFSET=0], SP: 2047, Stack: [111], REGS: [1, 0]
  DEBUG   machine:simulation    TICK: 65, IP: 267, DR: 2047, Z: 0, INSTR: LD args[REGISTER=0, STACK_OFFSET=0], SP: 2047, Stack: [111], REGS: [1, 0]
  DEBUG   machine:simulation    TICK: 66, IP: 267, DR: 111, Z: 0, INSTR: LD args[REGISTER=0, STACK_OFFSET=0], SP: 2047, Stack: [111], REGS: [1, 0]
  DEBUG   machine:simulation    TICK: 67, IP: 267, DR: 111, Z: 0, INSTR: LD args[REGISTER=0, STACK_OFFSET=0], SP: 2047, Stack: [111], REGS: [111, 0]
  DEBUG   machine:simulation    TICK: 68, IP: 268, DR: 1, Z: 0, INSTR: OUT args[REGISTER=0, PORT=1], SP: 2047, Stack: [111], REGS: [111, 0]
  DEBUG   machine:simulation    TICK: 69, IP: 268, DR: 1, Z: 0, INSTR: OUT args[REGISTER=0, PORT=1], SP: 2047, Stack: [111], REGS: [111, 0]
  DEBUG   machine:simulation    TICK: 70, IP: 269, DR: 0, Z: 0, INSTR: IN args[REGISTER=0, PORT=0], SP: 2047, Stack: [111], REGS: [111, 0]
  DEBUG   hardwire:read          IN: 111 - "o"
  DEBUG   machine:simulation    TICK: 71, IP: 269, DR: 0, Z: 0, INSTR: IN args[REGISTER=0, PORT=0], SP: 2047, Stack: [111], REGS: [111, 0]
  DEBUG   machine:simulation    TICK: 72, IP: 270, DR: 0, Z: 0, INSTR: ST args[REGISTER=0, STACK_OFFSET=0], SP: 2047, Stack: [111], REGS: [111, 0]
  DEBUG   machine:simulation    TICK: 73, IP: 270, DR: 2047, Z: 0, INSTR: ST args[REGISTER=0, STACK_OFFSET=0], SP: 2047, Stack: [111], REGS: [111, 0]
  DEBUG   machine:simulation    TICK: 74, IP: 270, DR: 2047, Z: 0, INSTR: ST args[REGISTER=0, STACK_OFFSET=0], SP: 2047, Stack: [111], REGS: [111, 0]
  DEBUG   machine:simulation    TICK: 75, IP: 271, DR: 259, Z: 0, INSTR: JMP args[ADDRESS=259], SP: 2047, Stack: [111], REGS: [111, 0]
  DEBUG   machine:simulation    TICK: 76, IP: 259, DR: 259, Z: 0, INSTR: JMP args[ADDRESS=259], SP: 2047, Stack: [111], REGS: [111, 0]
  DEBUG   machine:simulation    TICK: 77, IP: 260, DR: 0, Z: 0, INSTR: LD args[REGISTER=0, IMMEDIATE=0], SP: 2047, Stack: [111], REGS: [111, 0]
  DEBUG   machine:simulation    TICK: 78, IP: 260, DR: 0, Z: 0, INSTR: LD args[REGISTER=0, IMMEDIATE=0], SP: 2047, Stack: [111], REGS: [0, 0]
  DEBUG   machine:simulation    TICK: 79, IP: 261, DR: 0, Z: 0, INSTR: PUSH args[ADDRESS=0], SP: 2047, Stack: [111], REGS: [0, 0]
  DEBUG   machine:simulation    TICK: 80, IP: 261, DR: 0, Z: 0, INSTR: PUSH args[ADDRESS=0], SP: 2046, Stack: [0, 111], REGS: [0, 0]
  DEBUG   machine:simulation    TICK: 81, IP: 261, DR: 0, Z: 0, INSTR: PUSH args[ADDRESS=0], SP: 2046, Stack: [0, 111], REGS: [0, 0]
  DEBUG   machine:simulation    TICK: 82, IP: 262, DR: 1, Z: 0, INSTR: LD args[REGISTER=0, STACK_OFFSET=1], SP: 2046, Stack: [0, 111], REGS: [0, 0]
  DEBUG   machine:simulation    TICK: 83, IP: 262, DR: 2047, Z: 0, INSTR: LD args[REGISTER=0, STACK_OFFSET=1], SP: 2046, Stack: [0, 111], REGS: [0, 0]
  DEBUG   machine:simulation    TICK: 84, IP: 262, DR: 111, Z: 0, INSTR: LD args[REGISTER=0, STACK_OFFSET=1], SP: 2046, Stack: [0, 111], REGS: [0, 0]
  DEBUG   machine:simulation    TICK: 85, IP: 262, DR: 111, Z: 0, INSTR: LD args[REGISTER=0, STACK_OFFSET=1], SP: 2046, Stack: [0, 111], REGS: [111, 0]
  DEBUG   machine:simulation    TICK: 86, IP: 263, DR: 0, Z: 0, INSTR: LD args[REGISTER=1, STACK_OFFSET=0], SP: 2046, Stack: [0, 111], REGS: [111, 0]
  DEBUG   machine:simulation    TICK: 87, IP: 263, DR: 2046, Z: 0, INSTR: LD args[REGISTER=1, STACK_OFFSET=0], SP: 2046, Stack: [0, 111], REGS: [111, 0]
  DEBUG   machine:simulation    TICK: 88, IP: 263, DR: 0, Z: 0, INSTR: LD args[REGISTER=1, STACK_OFFSET=0], SP: 2046, Stack: [0, 111], REGS: [111, 0]
  DEBUG   machine:simulation    TICK: 89, IP: 263, DR: 0, Z: 0, INSTR: LD args[REGISTER=1, STACK_OFFSET=0], SP: 2046, Stack: [0, 111], REGS: [111, 0]
  DEBUG   machine:simulation    TICK: 90, IP: 264, DR: 0, Z: 0, INSTR: GT args[REGISTER=0, REGISTER=0, REGISTER=1], SP: 2046, Stack: [0, 111], REGS: [111, 0]
  DEBUG   machine:simulation    TICK: 91, IP: 264, DR: 1, Z: 0, INSTR: GT args[REGISTER=0, REGISTER=0, REGISTER=1], SP: 2046, Stack: [0, 111], REGS: [111, 0]
  DEBUG   machine:simulation    TICK: 92, IP: 264, DR: 1, Z: 0, INSTR: GT args[REGISTER=0, REGISTER=0, REGISTER=1], SP: 2046, Stack: [0, 111], REGS: [1, 0]
  DEBUG   machine:simulation    TICK: 93, IP: 265, DR: 1, Z: 0, INSTR: POP, SP: 2046, Stack: [0, 111], REGS: [1, 0]
  DEBUG   machine:simulation    TICK: 94, IP: 265, DR: 1, Z: 0, INSTR: POP, SP: 2047, Stack: [111], REGS: [1, 0]
  DEBUG   machine:simulation    TICK: 95, IP: 266, DR: 271, Z: 0, INSTR: JZ args[REGISTER=0, ADDRESS=271], SP: 2047, Stack: [111], REGS: [1, 0]
  DEBUG   machine:simulation    TICK: 96, IP: 266, DR: 271, Z: 0, INSTR: JZ args[REGISTER=0, ADDRESS=271], SP: 2047, Stack: [111], REGS: [1, 0]
  DEBUG   machine:simulation    TICK: 97, IP: 267, DR: 0, Z: 0, INSTR: LD args[REGISTER=0, STACK_OFFSET=0], SP: 2047, Stack: [111], REGS: [1, 0]
  DEBUG   machine:simulation    TICK: 98, IP: 267, DR: 2047, Z: 0, INSTR: LD args[REGISTER=0, STACK_OFFSET=0], SP: 2047, Stack: [111], REGS: [1, 0]
  DEBUG   machine:simulation    TICK: 99, IP: 267, DR: 111, Z: 0, INSTR: LD args[REGISTER=0, STACK_OFFSET=0], SP: 2047, Stack: [111], REGS: [1, 0]
  DEBUG   machine:simulation    TICK: 100, IP: 267, DR: 111, Z: 0, INSTR: LD args[REGISTER=0, STACK_OFFSET=0], SP: 2047, Stack: [111], REGS: [111, 0]
  DEBUG   machine:simulation    TICK: 101, IP: 268, DR: 1, Z: 0, INSTR: OUT args[REGISTER=0, PORT=1], SP: 2047, Stack: [111], REGS: [111, 0]
  DEBUG   machine:simulation    TICK: 102, IP: 268, DR: 1, Z: 0, INSTR: OUT args[REGISTER=0, PORT=1], SP: 2047, Stack: [111], REGS: [111, 0]
  DEBUG   machine:simulation    TICK: 103, IP: 269, DR: 0, Z: 0, INSTR: IN args[REGISTER=0, PORT=0], SP: 2047, Stack: [111], REGS: [111, 0]
  DEBUG   hardwire:read          IN: 0
  DEBUG   machine:simulation    TICK: 104, IP: 269, DR: 0, Z: 0, INSTR: IN args[REGISTER=0, PORT=0], SP: 2047, Stack: [111], REGS: [0, 0]
  DEBUG   machine:simulation    TICK: 105, IP: 270, DR: 0, Z: 0, INSTR: ST args[REGISTER=0, STACK_OFFSET=0], SP: 2047, Stack: [111], REGS: [0, 0]
  DEBUG   machine:simulation    TICK: 106, IP: 270, DR: 2047, Z: 0, INSTR: ST args[REGISTER=0, STACK_OFFSET=0], SP: 2047, Stack: [111], REGS: [0, 0]
  DEBUG   machine:simulation    TICK: 107, IP: 270, DR: 2047, Z: 0, INSTR: ST args[REGISTER=0, STACK_OFFSET=0], SP: 2047, Stack: [0], REGS: [0, 0]
  DEBUG   machine:simulation    TICK: 108, IP: 271, DR: 259, Z: 0, INSTR: JMP args[ADDRESS=259], SP: 2047, Stack: [0], REGS: [0, 0]
  DEBUG   machine:simulation    TICK: 109, IP: 259, DR: 259, Z: 0, INSTR: JMP args[ADDRESS=259], SP: 2047, Stack: [0], REGS: [0, 0]
  DEBUG   machine:simulation    TICK: 110, IP: 260, DR: 0, Z: 0, INSTR: LD args[REGISTER=0, IMMEDIATE=0], SP: 2047, Stack: [0], REGS: [0, 0]
  DEBUG   machine:simulation    TICK: 111, IP: 260, DR: 0, Z: 0, INSTR: LD args[REGISTER=0, IMMEDIATE=0], SP: 2047, Stack: [0], REGS: [0, 0]
  DEBUG   machine:simulation    TICK: 112, IP: 261, DR: 0, Z: 0, INSTR: PUSH args[ADDRESS=0], SP: 2047, Stack: [0], REGS: [0, 0]
  DEBUG   machine:simulation    TICK: 113, IP: 261, DR: 0, Z: 0, INSTR: PUSH args[ADDRESS=0], SP: 2046, Stack: [0, 0], REGS: [0, 0]
  DEBUG   machine:simulation    TICK: 114, IP: 261, DR: 0, Z: 0, INSTR: PUSH args[ADDRESS=0], SP: 2046, Stack: [0, 0], REGS: [0, 0]
  DEBUG   machine:simulation    TICK: 115, IP: 262, DR: 1, Z: 0, INSTR: LD args[REGISTER=0, STACK_OFFSET=1], SP: 2046, Stack: [0, 0], REGS: [0, 0]
  DEBUG   machine:simulation    TICK: 116, IP: 262, DR: 2047, Z: 0, INSTR: LD args[REGISTER=0, STACK_OFFSET=1], SP: 2046, Stack: [0, 0], REGS: [0, 0]
  DEBUG   machine:simulation    TICK: 117, IP: 262, DR: 0, Z: 0, INSTR: LD args[REGISTER=0, STACK_OFFSET=1], SP: 2046, Stack: [0, 0], REGS: [0, 0]
  DEBUG   machine:simulation    TICK: 118, IP: 262, DR: 0, Z: 0, INSTR: LD args[REGISTER=0, STACK_OFFSET=1], SP: 2046, Stack: [0, 0], REGS: [0, 0]
  DEBUG   machine:simulation    TICK: 119, IP: 263, DR: 0, Z: 0, INSTR: LD args[REGISTER=1, STACK_OFFSET=0], SP: 2046, Stack: [0, 0], REGS: [0, 0]
  DEBUG   machine:simulation    TICK: 120, IP: 263, DR: 2046, Z: 0, INSTR: LD args[REGISTER=1, STACK_OFFSET=0], SP: 2046, Stack: [0, 0], REGS: [0, 0]
  DEBUG   machine:simulation    TICK: 121, IP: 263, DR: 0, Z: 0, INSTR: LD args[REGISTER=1, STACK_OFFSET=0], SP: 2046, Stack: [0, 0], REGS: [0, 0]
  DEBUG   machine:simulation    TICK: 122, IP: 263, DR: 0, Z: 0, INSTR: LD args[REGISTER=1, STACK_OFFSET=0], SP: 2046, Stack: [0, 0], REGS: [0, 0]
  DEBUG   machine:simulation    TICK: 123, IP: 264, DR: 0, Z: 0, INSTR: GT args[REGISTER=0, REGISTER=0, REGISTER=1], SP: 2046, Stack: [0, 0], REGS: [0, 0]
  DEBUG   machine:simulation    TICK: 124, IP: 264, DR: 0, Z: 1, INSTR: GT args[REGISTER=0, REGISTER=0, REGISTER=1], SP: 2046, Stack: [0, 0], REGS: [0, 0]
  DEBUG   machine:simulation    TICK: 125, IP: 264, DR: 0, Z: 1, INSTR: GT args[REGISTER=0, REGISTER=0, REGISTER=1], SP: 2046, Stack: [0, 0], REGS: [0, 0]
  DEBUG   machine:simulation    TICK: 126, IP: 265, DR: 0, Z: 1, INSTR: POP, SP: 2046, Stack: [0, 0], REGS: [0, 0]
  DEBUG   machine:simulation    TICK: 127, IP: 265, DR: 0, Z: 1, INSTR: POP, SP: 2047, Stack: [0], REGS: [0, 0]
  DEBUG   machine:simulation    TICK: 128, IP: 266, DR: 271, Z: 1, INSTR: JZ args[REGISTER=0, ADDRESS=271], SP: 2047, Stack: [0], REGS: [0, 0]
  DEBUG   machine:simulation    TICK: 129, IP: 271, DR: 271, Z: 1, INSTR: JZ args[REGISTER=0, ADDRESS=271], SP: 2047, Stack: [0], REGS: [0, 0]
  DEBUG   machine:simulation    TICK: 130, IP: 272, DR: 271, Z: 1, INSTR: HLT, SP: 2047, Stack: [0], REGS: [0, 0]
  DEBUG   machine:simulation    TICK: 131, IP: 272, DR: 271, Z: 1, INSTR: HLT, SP: 2047, Stack: [0], REGS: [0, 0]
